------------------------------------------------------------
Timing Analyzer Summary
------------------------------------------------------------

Type  : Slow 1200mV 85C Model Setup 'CLK'
Slack : -4.475
TNS   : -304.001

Type  : Slow 1200mV 85C Model Setup 'DirectClockInputs:inst15|IA2'
Slack : -3.011
TNS   : -56.534

Type  : Slow 1200mV 85C Model Setup 'DirectClockInputs:inst15|IA1'
Slack : -2.913
TNS   : -56.329

Type  : Slow 1200mV 85C Model Setup 'DirectClockInputs:inst15|IA3'
Slack : -2.528
TNS   : -50.269

Type  : Slow 1200mV 85C Model Hold 'DirectClockInputs:inst15|IA3'
Slack : 0.330
TNS   : 0.000

Type  : Slow 1200mV 85C Model Hold 'DirectClockInputs:inst15|IA2'
Slack : 0.347
TNS   : 0.000

Type  : Slow 1200mV 85C Model Hold 'CLK'
Slack : 0.348
TNS   : 0.000

Type  : Slow 1200mV 85C Model Hold 'DirectClockInputs:inst15|IA1'
Slack : 0.348
TNS   : 0.000

Type  : Slow 1200mV 85C Model Recovery 'DirectClockInputs:inst15|IA2'
Slack : -2.054
TNS   : -42.299

Type  : Slow 1200mV 85C Model Recovery 'DirectClockInputs:inst15|IA3'
Slack : -1.767
TNS   : -41.707

Type  : Slow 1200mV 85C Model Recovery 'DirectClockInputs:inst15|IA1'
Slack : -1.694
TNS   : -38.181

Type  : Slow 1200mV 85C Model Recovery 'CLK'
Slack : -0.959
TNS   : -34.387

Type  : Slow 1200mV 85C Model Removal 'CLK'
Slack : 0.989
TNS   : 0.000

Type  : Slow 1200mV 85C Model Removal 'DirectClockInputs:inst15|IA1'
Slack : 1.637
TNS   : 0.000

Type  : Slow 1200mV 85C Model Removal 'DirectClockInputs:inst15|IA3'
Slack : 1.768
TNS   : 0.000

Type  : Slow 1200mV 85C Model Removal 'DirectClockInputs:inst15|IA2'
Slack : 2.151
TNS   : 0.000

Type  : Slow 1200mV 85C Model Minimum Pulse Width 'CLK'
Slack : -3.000
TNS   : -130.673

Type  : Slow 1200mV 85C Model Minimum Pulse Width 'DirectClockInputs:inst15|IA1'
Slack : -1.403
TNS   : -33.672

Type  : Slow 1200mV 85C Model Minimum Pulse Width 'DirectClockInputs:inst15|IA2'
Slack : -1.403
TNS   : -33.672

Type  : Slow 1200mV 85C Model Minimum Pulse Width 'DirectClockInputs:inst15|IA3'
Slack : -1.403
TNS   : -33.672

Type  : Slow 1200mV 0C Model Setup 'CLK'
Slack : -4.014
TNS   : -273.353

Type  : Slow 1200mV 0C Model Setup 'DirectClockInputs:inst15|IA2'
Slack : -2.713
TNS   : -50.240

Type  : Slow 1200mV 0C Model Setup 'DirectClockInputs:inst15|IA1'
Slack : -2.619
TNS   : -49.921

Type  : Slow 1200mV 0C Model Setup 'DirectClockInputs:inst15|IA3'
Slack : -2.260
TNS   : -44.392

Type  : Slow 1200mV 0C Model Hold 'DirectClockInputs:inst15|IA3'
Slack : 0.295
TNS   : 0.000

Type  : Slow 1200mV 0C Model Hold 'CLK'
Slack : 0.312
TNS   : 0.000

Type  : Slow 1200mV 0C Model Hold 'DirectClockInputs:inst15|IA1'
Slack : 0.312
TNS   : 0.000

Type  : Slow 1200mV 0C Model Hold 'DirectClockInputs:inst15|IA2'
Slack : 0.312
TNS   : 0.000

Type  : Slow 1200mV 0C Model Recovery 'DirectClockInputs:inst15|IA2'
Slack : -1.845
TNS   : -37.619

Type  : Slow 1200mV 0C Model Recovery 'DirectClockInputs:inst15|IA3'
Slack : -1.561
TNS   : -37.023

Type  : Slow 1200mV 0C Model Recovery 'DirectClockInputs:inst15|IA1'
Slack : -1.519
TNS   : -34.043

Type  : Slow 1200mV 0C Model Recovery 'CLK'
Slack : -0.810
TNS   : -26.899

Type  : Slow 1200mV 0C Model Removal 'CLK'
Slack : 0.911
TNS   : 0.000

Type  : Slow 1200mV 0C Model Removal 'DirectClockInputs:inst15|IA1'
Slack : 1.523
TNS   : 0.000

Type  : Slow 1200mV 0C Model Removal 'DirectClockInputs:inst15|IA3'
Slack : 1.609
TNS   : 0.000

Type  : Slow 1200mV 0C Model Removal 'DirectClockInputs:inst15|IA2'
Slack : 1.966
TNS   : 0.000

Type  : Slow 1200mV 0C Model Minimum Pulse Width 'CLK'
Slack : -3.000
TNS   : -130.673

Type  : Slow 1200mV 0C Model Minimum Pulse Width 'DirectClockInputs:inst15|IA1'
Slack : -1.403
TNS   : -33.672

Type  : Slow 1200mV 0C Model Minimum Pulse Width 'DirectClockInputs:inst15|IA2'
Slack : -1.403
TNS   : -33.672

Type  : Slow 1200mV 0C Model Minimum Pulse Width 'DirectClockInputs:inst15|IA3'
Slack : -1.403
TNS   : -33.672

Type  : Fast 1200mV 0C Model Setup 'CLK'
Slack : -1.381
TNS   : -81.023

Type  : Fast 1200mV 0C Model Setup 'DirectClockInputs:inst15|IA2'
Slack : -0.691
TNS   : -9.867

Type  : Fast 1200mV 0C Model Setup 'DirectClockInputs:inst15|IA1'
Slack : -0.677
TNS   : -10.136

Type  : Fast 1200mV 0C Model Setup 'DirectClockInputs:inst15|IA3'
Slack : -0.488
TNS   : -7.054

Type  : Fast 1200mV 0C Model Hold 'DirectClockInputs:inst15|IA3'
Slack : 0.145
TNS   : 0.000

Type  : Fast 1200mV 0C Model Hold 'DirectClockInputs:inst15|IA1'
Slack : 0.152
TNS   : 0.000

Type  : Fast 1200mV 0C Model Hold 'DirectClockInputs:inst15|IA2'
Slack : 0.152
TNS   : 0.000

Type  : Fast 1200mV 0C Model Hold 'CLK'
Slack : 0.153
TNS   : 0.000

Type  : Fast 1200mV 0C Model Recovery 'DirectClockInputs:inst15|IA2'
Slack : -0.414
TNS   : -6.550

Type  : Fast 1200mV 0C Model Recovery 'DirectClockInputs:inst15|IA3'
Slack : -0.270
TNS   : -6.161

Type  : Fast 1200mV 0C Model Recovery 'DirectClockInputs:inst15|IA1'
Slack : -0.228
TNS   : -4.173

Type  : Fast 1200mV 0C Model Recovery 'CLK'
Slack : 0.074
TNS   : 0.000

Type  : Fast 1200mV 0C Model Removal 'CLK'
Slack : 0.432
TNS   : 0.000

Type  : Fast 1200mV 0C Model Removal 'DirectClockInputs:inst15|IA1'
Slack : 0.655
TNS   : 0.000

Type  : Fast 1200mV 0C Model Removal 'DirectClockInputs:inst15|IA3'
Slack : 0.712
TNS   : 0.000

Type  : Fast 1200mV 0C Model Removal 'DirectClockInputs:inst15|IA2'
Slack : 0.885
TNS   : 0.000

Type  : Fast 1200mV 0C Model Minimum Pulse Width 'CLK'
Slack : -3.000
TNS   : -110.422

Type  : Fast 1200mV 0C Model Minimum Pulse Width 'DirectClockInputs:inst15|IA1'
Slack : -1.000
TNS   : -24.000

Type  : Fast 1200mV 0C Model Minimum Pulse Width 'DirectClockInputs:inst15|IA2'
Slack : -1.000
TNS   : -24.000

Type  : Fast 1200mV 0C Model Minimum Pulse Width 'DirectClockInputs:inst15|IA3'
Slack : -1.000
TNS   : -24.000

------------------------------------------------------------
